[     378ms] [LOG] Initial page load. Setting up brand selector. @ https://health.circlejtp.me/dist/ehretriever.bundle.js:13237
[     379ms] [LOG] [fetchBrands] Function started. @ https://health.circlejtp.me/dist/ehretriever.bundle.js:12797
[     379ms] [LOG] [fetchBrands] Applying tag filters (OR groups of AND tags): [Array(2)] @ https://health.circlejtp.me/dist/ehretriever.bundle.js:12818
[     379ms] [LOG] [fetchBrands] Loading 1 brand files... @ https://health.circlejtp.me/dist/ehretriever.bundle.js:12837
[     495ms] [LOG] [fetchBrands] Loaded 1 brand files. [Array(2)] @ https://health.circlejtp.me/dist/ehretriever.bundle.js:12854
[     495ms] [LOG] [fetchBrands] Loaded 2 organization records from brand files. @ https://health.circlejtp.me/dist/ehretriever.bundle.js:12859
[     503ms] [LOG] Rendering page 1 of 1. Items 1-2 of 2. @ https://health.circlejtp.me/dist/ehretriever.bundle.js:12589
[   35766ms] [LOG] --- Brand Connect Button Clicked --- @ https://health.circlejtp.me/dist/ehretriever.bundle.js:12775
[   35767ms] [LOG] Selected Item: {searchName: unreachable test, displayName: Unreachable Test Endpoint, itemType: brand, city: null, state: null} @ https://health.circlejtp.me/dist/ehretriever.bundle.js:12776
[   35767ms] [LOG] Using vendorConfig: {clientId: 8d804225-8ca7-430b-99f1-2b7762258e09, scopes: patient/*.read, redirectUrl: https://health.circlejtp.me/ehr-callback, note: Epic sandbox test patient - username 'fhircamila', password 'epicepic1'} @ https://health.circlejtp.me/dist/ehretriever.bundle.js:12777
[   35767ms] [LOG] Found FHIR Endpoint: https://mcc.api.mayo.edu/epic-fhir/api/FHIR/R4/ @ https://health.circlejtp.me/dist/ehretriever.bundle.js:12785
[   35767ms] [LOG] [initiateSmartAuth] Starting for FHIR Base URL: https://mcc.api.mayo.edu/epic-fhir/api/FHIR/R4/, VendorLabel: Unreachable Test Endpoint @ https://health.circlejtp.me/dist/ehretriever.bundle.js:12697
[   35767ms] [LOG] Status: Preparing authorization request... @ https://health.circlejtp.me/dist/ehretriever.bundle.js:12380
[   35767ms] [LOG] [initiateSmartAuth] Using VendorAuthConfig: {clientId: 8d804225-8ca7-430b-99f1-2b7762258e09, scopes: patient/*.read, redirectUrl: https://health.circlejtp.me/ehr-callback, note: Epic sandbox test patient - username 'fhircamila', password 'epicepic1'} @ https://health.circlejtp.me/dist/ehretriever.bundle.js:12708
[   35767ms] [LOG] Status: Performing SMART discovery... @ https://health.circlejtp.me/dist/ehretriever.bundle.js:12380
[   35767ms] [LOG] [initiateSmartAuth] Attempting SMART discovery at: https://mcc.api.mayo.edu/epic-fhir/api/FHIR/R4/.well-known/smart-configuration @ https://health.circlejtp.me/dist/ehretriever.bundle.js:12713
[   35825ms] [ERROR] Failed to load resource: net::ERR_NAME_NOT_RESOLVED @ https://mcc.api.mayo.edu/epic-fhir/api/FHIR/R4/.well-known/smart-configuration:0
[   35825ms] [WARNING] [fetchWithRetry] Network failure for https://mcc.api.mayo.edu/epic-fhir/api/FHIR/R4/.well-known/smart-configuration: Failed to fetch @ https://health.circlejtp.me/dist/ehretriever.bundle.js:12450
[   35825ms] [LOG] Status: Connection problem; retrying (2 of 3)... @ https://health.circlejtp.me/dist/ehretriever.bundle.js:12380
[   36236ms] [ERROR] Failed to load resource: net::ERR_NAME_NOT_RESOLVED @ https://mcc.api.mayo.edu/epic-fhir/api/FHIR/R4/.well-known/smart-configuration:0
[   36236ms] [WARNING] [fetchWithRetry] Network failure for https://mcc.api.mayo.edu/epic-fhir/api/FHIR/R4/.well-known/smart-configuration: Failed to fetch @ https://health.circlejtp.me/dist/ehretriever.bundle.js:12450
[   36237ms] [LOG] Status: Connection problem; retrying (3 of 3)... @ https://health.circlejtp.me/dist/ehretriever.bundle.js:12380
[   37447ms] [ERROR] Failed to load resource: net::ERR_NAME_NOT_RESOLVED @ https://mcc.api.mayo.edu/epic-fhir/api/FHIR/R4/.well-known/smart-configuration:0
[   37447ms] [WARNING] [fetchWithRetry] Network failure for https://mcc.api.mayo.edu/epic-fhir/api/FHIR/R4/.well-known/smart-configuration: Failed to fetch @ https://health.circlejtp.me/dist/ehretriever.bundle.js:12450
[   37448ms] [LOG] Status: Error during authorization initiation: Could not reach mcc.api.mayo.edu. The server may be temporarily unavailable, or this organization's directory entry may be out of date. (Failed to fetch) @ https://health.circlejtp.me/dist/ehretriever.bundle.js:12380
[   37448ms] [ERROR] Status Error: Error during authorization initiation: Could not reach mcc.api.mayo.edu. The server may be temporarily unavailable, or this organization's directory entry may be out of date. (Failed to fetch) @ https://health.circlejtp.me/dist/ehretriever.bundle.js:12382
